15:36:52 **** Auto Build of configuration Debug for project assignment ****
make pre-build main-build 
a9-linaro-pre-build-step
' '
'Building file: ../src/main.c'
'Invoking: ARM v7 gcc compiler'
arm-none-eabi-gcc -Wall -O0 -g3 -c -fmessage-length=0 -MT"src/main.o" -mcpu=cortex-a9 -mfpu=vfpv3 -mfloat-abi=hard -I../../assignment_bsp/ps7_cortexa9_0/include -I"G:\Opiskelu\Yliopisto\5.vuosi\EmbeddedSystemsProgramming\assignment\zybo_platform" -MMD -MP -MF"src/main.d" -MT"src/main.o" -o "src/main.o" "../src/main.c"
'Finished building: ../src/main.c'
' '
'Building target: assignment.elf'
'Invoking: ARM v7 gcc linker'
arm-none-eabi-gcc -mcpu=cortex-a9 -mfpu=vfpv3 -mfloat-abi=hard -Wl,-build-id=none -specs=Xilinx.spec -Wl,-T -Wl,../src/lscript.ld -L../../assignment_bsp/ps7_cortexa9_0/lib -o "assignment.elf"  ./src/configuration.o ./src/idling.o ./src/main.o ./src/modulating.o ./src/utilities.o   -lm -Wl,--start-group,-lxil,-lfreertos,-lgcc,-lc,--end-group
'Finished building target: assignment.elf'
' '
'Invoking: ARM v7 Print Size'
arm-none-eabi-size assignment.elf  |tee "assignment.elf.size"
   text	   data	    bss	    dec	    hex	filename
  87996	   3372	  89440	 180808	  2c248	assignment.elf
'Finished building: assignment.elf.size'
' '

15:36:53 Build Finished (took 943ms)

